deploy	Set up job	Ôªø2026-01-22T05:21:10.8096010Z Current runner version: '2.331.0'
deploy	Set up job	2026-01-22T05:21:10.8176017Z ##[group]Runner Image Provisioner
deploy	Set up job	2026-01-22T05:21:10.8178278Z Hosted Compute Agent
deploy	Set up job	2026-01-22T05:21:10.8200656Z Version: 20251211.462
deploy	Set up job	2026-01-22T05:21:10.8202907Z Commit: 6cbad8c2bb55d58165063d031ccabf57e2d2db61
deploy	Set up job	2026-01-22T05:21:10.8205337Z Build Date: 2025-12-11T16:28:49Z
deploy	Set up job	2026-01-22T05:21:10.8207602Z Worker ID: {5179cc58-1236-4b44-9296-326914606db3}
deploy	Set up job	2026-01-22T05:21:10.8210216Z ##[endgroup]
deploy	Set up job	2026-01-22T05:21:10.8212291Z ##[group]Operating System
deploy	Set up job	2026-01-22T05:21:10.8214284Z Ubuntu
deploy	Set up job	2026-01-22T05:21:10.8216126Z 24.04.3
deploy	Set up job	2026-01-22T05:21:10.8217905Z LTS
deploy	Set up job	2026-01-22T05:21:10.8240133Z ##[endgroup]
deploy	Set up job	2026-01-22T05:21:10.8242220Z ##[group]Runner Image
deploy	Set up job	2026-01-22T05:21:10.8244249Z Image: ubuntu-24.04
deploy	Set up job	2026-01-22T05:21:10.8246193Z Version: 20260111.209.1
deploy	Set up job	2026-01-22T05:21:10.8249085Z Included Software: https://github.com/actions/runner-images/blob/ubuntu24/20260111.209/images/ubuntu/Ubuntu2404-Readme.md
deploy	Set up job	2026-01-22T05:21:10.8273169Z Image Release: https://github.com/actions/runner-images/releases/tag/ubuntu24%2F20260111.209
deploy	Set up job	2026-01-22T05:21:10.8276487Z ##[endgroup]
deploy	Set up job	2026-01-22T05:21:10.8280234Z ##[group]GITHUB_TOKEN Permissions
deploy	Set up job	2026-01-22T05:21:10.8283984Z Contents: read
deploy	Set up job	2026-01-22T05:21:10.8286087Z Metadata: read
deploy	Set up job	2026-01-22T05:21:10.8288093Z Packages: read
deploy	Set up job	2026-01-22T05:21:10.8310435Z ##[endgroup]
deploy	Set up job	2026-01-22T05:21:10.8314447Z Secret source: Actions
deploy	Set up job	2026-01-22T05:21:10.8316810Z Prepare workflow directory
deploy	Set up job	2026-01-22T05:21:10.8987550Z Prepare all required actions
deploy	Set up job	2026-01-22T05:21:10.9097679Z Getting action download info
deploy	Set up job	2026-01-22T05:21:11.2625557Z Download action repository 'actions/checkout@v4' (SHA:34e114876b0b11c390a56381ad16ebd13914f8d5)
deploy	Set up job	2026-01-22T05:21:11.3827537Z Download action repository 'webfactory/ssh-agent@v0.9.0' (SHA:dc588b651fe13675774614f8e6a936a468676387)
deploy	Set up job	2026-01-22T05:21:11.6690490Z Complete job name: deploy
deploy	Checkout code	Ôªø2026-01-22T05:21:11.7490138Z ##[group]Run actions/checkout@v4
deploy	Checkout code	2026-01-22T05:21:11.7491410Z with:
deploy	Checkout code	2026-01-22T05:21:11.7492249Z   repository: shubhamyadav162/Flat-without-brokerage
deploy	Checkout code	2026-01-22T05:21:11.7493461Z   token: ***
deploy	Checkout code	2026-01-22T05:21:11.7494282Z   ssh-strict: true
deploy	Checkout code	2026-01-22T05:21:11.7495041Z   ssh-user: git
deploy	Checkout code	2026-01-22T05:21:11.7495830Z   persist-credentials: true
deploy	Checkout code	2026-01-22T05:21:11.7496656Z   clean: true
deploy	Checkout code	2026-01-22T05:21:11.7497443Z   sparse-checkout-cone-mode: true
deploy	Checkout code	2026-01-22T05:21:11.7498327Z   fetch-depth: 1
deploy	Checkout code	2026-01-22T05:21:11.7499100Z   fetch-tags: false
deploy	Checkout code	2026-01-22T05:21:11.7500100Z   show-progress: true
deploy	Checkout code	2026-01-22T05:21:11.7500895Z   lfs: false
deploy	Checkout code	2026-01-22T05:21:11.7501641Z   submodules: false
deploy	Checkout code	2026-01-22T05:21:11.7502429Z   set-safe-directory: true
deploy	Checkout code	2026-01-22T05:21:11.7503473Z ##[endgroup]
deploy	Checkout code	2026-01-22T05:21:11.9458826Z Syncing repository: shubhamyadav162/Flat-without-brokerage
deploy	Checkout code	2026-01-22T05:21:11.9654661Z ##[group]Getting Git version info
deploy	Checkout code	2026-01-22T05:21:11.9658598Z Working directory is '/home/runner/work/Flat-without-brokerage/Flat-without-brokerage'
deploy	Checkout code	2026-01-22T05:21:11.9661820Z [command]/usr/bin/git version
deploy	Checkout code	2026-01-22T05:21:12.2087087Z git version 2.52.0
deploy	Checkout code	2026-01-22T05:21:12.2095443Z ##[endgroup]
deploy	Checkout code	2026-01-22T05:21:12.2115663Z Temporarily overriding HOME='/home/runner/work/_temp/7de737ac-8ba3-4b77-99b5-93dba71e9bbf' before making global git config changes
deploy	Checkout code	2026-01-22T05:21:12.2121180Z Adding repository directory to the temporary git global config as a safe directory
deploy	Checkout code	2026-01-22T05:21:12.2157819Z [command]/usr/bin/git config --global --add safe.directory /home/runner/work/Flat-without-brokerage/Flat-without-brokerage
deploy	Checkout code	2026-01-22T05:21:12.2452062Z Deleting the contents of '/home/runner/work/Flat-without-brokerage/Flat-without-brokerage'
deploy	Checkout code	2026-01-22T05:21:12.2466483Z ##[group]Initializing the repository
deploy	Checkout code	2026-01-22T05:21:12.2472645Z [command]/usr/bin/git init /home/runner/work/Flat-without-brokerage/Flat-without-brokerage
deploy	Checkout code	2026-01-22T05:21:12.7472090Z hint: Using 'master' as the name for the initial branch. This default branch name
deploy	Checkout code	2026-01-22T05:21:12.7501418Z hint: will change to "main" in Git 3.0. To configure the initial branch name
deploy	Checkout code	2026-01-22T05:21:12.7505576Z hint: to use in all of your new repositories, which will suppress this warning,
deploy	Checkout code	2026-01-22T05:21:12.7508709Z hint: call:
deploy	Checkout code	2026-01-22T05:21:12.7511036Z hint:
deploy	Checkout code	2026-01-22T05:21:12.7513570Z hint: 	git config --global init.defaultBranch <name>
deploy	Checkout code	2026-01-22T05:21:12.7516389Z hint:
deploy	Checkout code	2026-01-22T05:21:12.7518614Z hint: Names commonly chosen instead of 'master' are 'main', 'trunk' and
deploy	Checkout code	2026-01-22T05:21:12.7521478Z hint: 'development'. The just-created branch can be renamed via this command:
deploy	Checkout code	2026-01-22T05:21:12.7523735Z hint:
deploy	Checkout code	2026-01-22T05:21:12.7525911Z hint: 	git branch -m <name>
deploy	Checkout code	2026-01-22T05:21:12.7528234Z hint:
deploy	Checkout code	2026-01-22T05:21:12.7531235Z hint: Disable this message with "git config set advice.defaultBranchName false"
deploy	Checkout code	2026-01-22T05:21:12.7535140Z Initialized empty Git repository in /home/runner/work/Flat-without-brokerage/Flat-without-brokerage/.git/
deploy	Checkout code	2026-01-22T05:21:12.7542549Z [command]/usr/bin/git remote add origin https://github.com/shubhamyadav162/Flat-without-brokerage
deploy	Checkout code	2026-01-22T05:21:12.9424736Z ##[endgroup]
deploy	Checkout code	2026-01-22T05:21:12.9430361Z ##[group]Disabling automatic garbage collection
deploy	Checkout code	2026-01-22T05:21:12.9434136Z [command]/usr/bin/git config --local gc.auto 0
deploy	Checkout code	2026-01-22T05:21:13.0369290Z ##[endgroup]
deploy	Checkout code	2026-01-22T05:21:13.0371372Z ##[group]Setting up auth
deploy	Checkout code	2026-01-22T05:21:13.0378817Z [command]/usr/bin/git config --local --name-only --get-regexp core\.sshCommand
deploy	Checkout code	2026-01-22T05:21:13.0417781Z [command]/usr/bin/git submodule foreach --recursive sh -c "git config --local --name-only --get-regexp 'core\.sshCommand' && git config --local --unset-all 'core.sshCommand' || :"
deploy	Checkout code	2026-01-22T05:21:13.7269220Z [command]/usr/bin/git config --local --name-only --get-regexp http\.https\:\/\/github\.com\/\.extraheader
deploy	Checkout code	2026-01-22T05:21:13.7318785Z [command]/usr/bin/git submodule foreach --recursive sh -c "git config --local --name-only --get-regexp 'http\.https\:\/\/github\.com\/\.extraheader' && git config --local --unset-all 'http.https://github.com/.extraheader' || :"
deploy	Checkout code	2026-01-22T05:21:13.7564826Z [command]/usr/bin/git config --local --name-only --get-regexp ^includeIf\.gitdir:
deploy	Checkout code	2026-01-22T05:21:13.7597757Z [command]/usr/bin/git submodule foreach --recursive git config --local --show-origin --name-only --get-regexp remote.origin.url
deploy	Checkout code	2026-01-22T05:21:13.7852174Z [command]/usr/bin/git config --local http.https://github.com/.extraheader AUTHORIZATION: basic ***
deploy	Checkout code	2026-01-22T05:21:13.7891517Z ##[endgroup]
deploy	Checkout code	2026-01-22T05:21:13.7894665Z ##[group]Fetching the repository
deploy	Checkout code	2026-01-22T05:21:13.7902860Z [command]/usr/bin/git -c protocol.version=2 fetch --no-tags --prune --no-recurse-submodules --depth=1 origin +10f0fd28f68709411ae51dc6ebfa42d55236e930:refs/remotes/origin/main
deploy	Checkout code	2026-01-22T05:21:13.9968374Z From https://github.com/shubhamyadav162/Flat-without-brokerage
deploy	Checkout code	2026-01-22T05:21:13.9994504Z  * [new ref]         10f0fd28f68709411ae51dc6ebfa42d55236e930 -> origin/main
deploy	Checkout code	2026-01-22T05:21:14.0025943Z ##[endgroup]
deploy	Checkout code	2026-01-22T05:21:14.0027131Z ##[group]Determining the checkout info
deploy	Checkout code	2026-01-22T05:21:14.0040659Z ##[endgroup]
deploy	Checkout code	2026-01-22T05:21:14.0047553Z [command]/usr/bin/git sparse-checkout disable
deploy	Checkout code	2026-01-22T05:21:14.0125469Z [command]/usr/bin/git config --local --unset-all extensions.worktreeConfig
deploy	Checkout code	2026-01-22T05:21:14.0178632Z ##[group]Checking out the ref
deploy	Checkout code	2026-01-22T05:21:14.0190338Z [command]/usr/bin/git checkout --progress --force -B main refs/remotes/origin/main
deploy	Checkout code	2026-01-22T05:21:14.0395496Z Switched to a new branch 'main'
deploy	Checkout code	2026-01-22T05:21:14.0400619Z branch 'main' set up to track 'origin/main'.
deploy	Checkout code	2026-01-22T05:21:14.0412971Z ##[endgroup]
deploy	Checkout code	2026-01-22T05:21:14.0450537Z [command]/usr/bin/git log -1 --format=%H
deploy	Checkout code	2026-01-22T05:21:14.0473555Z 10f0fd28f68709411ae51dc6ebfa42d55236e930
deploy	Set up SSH	Ôªø2026-01-22T05:21:14.0692242Z ##[group]Run webfactory/ssh-agent@v0.9.0
deploy	Set up SSH	2026-01-22T05:21:14.0692959Z with:
deploy	Set up SSH	2026-01-22T05:21:14.0707130Z   ssh-private-key: ***
deploy	Set up SSH	2026-01-22T05:21:14.0707522Z   log-public-key: true
deploy	Set up SSH	2026-01-22T05:21:14.0707879Z ##[endgroup]
deploy	Set up SSH	2026-01-22T05:21:14.1066421Z Starting ssh-agent
deploy	Set up SSH	2026-01-22T05:21:14.1290890Z SSH_AUTH_SOCK=/tmp/ssh-1Zh524ytlk1n/agent.2008
deploy	Set up SSH	2026-01-22T05:21:14.1294116Z SSH_AGENT_PID=2009
deploy	Set up SSH	2026-01-22T05:21:14.1294835Z Adding private key(s) to agent
deploy	Set up SSH	2026-01-22T05:21:14.1532976Z Identity added: (stdin) ((stdin))
deploy	Set up SSH	2026-01-22T05:21:14.1533749Z Key(s) added:
deploy	Set up SSH	2026-01-22T05:21:14.1567623Z 4096 SHA256:6JveD++e+vGGnLSH+OQz8mNC9hCksFRX2H+tNkwgVu4 (stdin) (RSA)
deploy	Set up SSH	2026-01-22T05:21:14.1573705Z Configuring deployment key(s)
deploy	Set up SSH	2026-01-22T05:21:14.1632128Z Comment for (public) key 'ssh-rsa AAAAB3NzaC1yc2EAAAADAQABAAACAQDEVWSgkNTuvHjFD97V7+fyqW6LfHNJttGVCaeOlXb7Cue4/UL4QpB5KGCSOpmrsmd+QYGg8jCnyu1eLJQ+9SvYvP4xsKWrTZhn0WWKtE5q/pGoqzWKlG6XRdHn6DNBu+Ks8irz6XH29Sa25Xd6VMDozh9VFnJL5gJcIzxBGjOyz4Eo7DnLbXI9HGZqZqEL/H4ou1qj/WQDza58HHQpdn+AvpRA1UjHb5Ja01T1mz1+HhkJ+6ZNyaBn7N40diDPxf43MuytysRNheJU6RL1ugWFADgGISPEoQDYFPCJQbyrnwavgXJhB5HZYYxFAGmcuW9Rv16BRzuyRh9lhvJAJ3lKxKvWJPEQNFyFUXt66lVCb3DHxP4j2RDdLfDSlSdeolLwflPY6xhWR4vs4PwaQOzAAFs1XtTkEjPiNfh0m7wYeRdVPKToxm1aRoWxdsOnVvEh4MPMP6yQD9G7x7U0lBwPJlzc9BL7m99mjOnmmv/Itgkti3raLJlXwwPbTmEgdflrADjJZH+98P8bbqx8Nv5gCGjFYSixuh8Wbs8+RJSyHhrZNfJduEeO1mKohVs1ZX2K5EDvEffhCZXfI4Y6TcGZ5abE2uXPxoNniX0+6HlGyIktNBn8AH+FMwTzoSS5L6yoLFimx7BHuZdaeLqnyioPLZCD77U8MnRPQ8g/f8Ya3Q== (stdin)' does not match GitHub URL pattern. Not treating it as a GitHub deploy key.
deploy	Add VPS to known hosts	Ôªø2026-01-22T05:21:14.1743679Z ##[group]Run mkdir -p ~/.ssh
deploy	Add VPS to known hosts	2026-01-22T05:21:14.1744220Z [36;1mmkdir -p ~/.ssh[0m
deploy	Add VPS to known hosts	2026-01-22T05:21:14.1744817Z [36;1mssh-keyscan -H *** >> ~/.ssh/known_hosts[0m
deploy	Add VPS to known hosts	2026-01-22T05:21:14.1781230Z shell: /usr/bin/bash -e {0}
deploy	Add VPS to known hosts	2026-01-22T05:21:14.1781652Z env:
deploy	Add VPS to known hosts	2026-01-22T05:21:14.1782025Z   SSH_AUTH_SOCK: /tmp/ssh-1Zh524ytlk1n/agent.2008
deploy	Add VPS to known hosts	2026-01-22T05:21:14.1782574Z   SSH_AGENT_PID: 2009
deploy	Add VPS to known hosts	2026-01-22T05:21:14.1782961Z ##[endgroup]
deploy	Add VPS to known hosts	2026-01-22T05:21:14.8576710Z # ***:22 SSH-2.0-OpenSSH_8.9p1 Ubuntu-3ubuntu0.13
deploy	Add VPS to known hosts	2026-01-22T05:21:15.7540830Z # ***:22 SSH-2.0-OpenSSH_8.9p1 Ubuntu-3ubuntu0.13
deploy	Add VPS to known hosts	2026-01-22T05:21:16.6651579Z # ***:22 SSH-2.0-OpenSSH_8.9p1 Ubuntu-3ubuntu0.13
deploy	Add VPS to known hosts	2026-01-22T05:21:17.5843098Z # ***:22 SSH-2.0-OpenSSH_8.9p1 Ubuntu-3ubuntu0.13
deploy	Add VPS to known hosts	2026-01-22T05:21:17.8616998Z # ***:22 SSH-2.0-OpenSSH_8.9p1 Ubuntu-3ubuntu0.13
deploy	Deploy to VPS	Ôªø2026-01-22T05:21:18.1404578Z ##[group]Run # Create deployment script
deploy	Deploy to VPS	2026-01-22T05:21:18.1405111Z [36;1m# Create deployment script[0m
deploy	Deploy to VPS	2026-01-22T05:21:18.1405539Z [36;1mcat << 'EOF' > deploy.sh[0m
deploy	Deploy to VPS	2026-01-22T05:21:18.1405931Z [36;1m#!/bin/bash[0m
deploy	Deploy to VPS	2026-01-22T05:21:18.1406286Z [36;1mset -e[0m
deploy	Deploy to VPS	2026-01-22T05:21:18.1406605Z [36;1m[0m
deploy	Deploy to VPS	2026-01-22T05:21:18.1406988Z [36;1mecho "üöÄ Deploying FlatWithoutBrokerage..."[0m
deploy	Deploy to VPS	2026-01-22T05:21:18.1407448Z [36;1m[0m
deploy	Deploy to VPS	2026-01-22T05:21:18.1407780Z [36;1m# Navigate to project directory[0m
deploy	Deploy to VPS	2026-01-22T05:21:18.1408208Z [36;1mcd $DEPLOY_PATH[0m
deploy	Deploy to VPS	2026-01-22T05:21:18.1408550Z [36;1m[0m
deploy	Deploy to VPS	2026-01-22T05:21:18.1408880Z [36;1m# Pull latest changes[0m
deploy	Deploy to VPS	2026-01-22T05:21:18.1409294Z [36;1mecho "üì• Pulling latest code..."[0m
deploy	Deploy to VPS	2026-01-22T05:21:18.1410186Z [36;1mgit pull origin main[0m
deploy	Deploy to VPS	2026-01-22T05:21:18.1410567Z [36;1m[0m
deploy	Deploy to VPS	2026-01-22T05:21:18.1410894Z [36;1m# Build and restart containers[0m
deploy	Deploy to VPS	2026-01-22T05:21:18.1411351Z [36;1mecho "üê≥ Building Docker containers..."[0m
deploy	Deploy to VPS	2026-01-22T05:21:18.1411808Z [36;1mdocker compose down[0m
deploy	Deploy to VPS	2026-01-22T05:21:18.1412221Z [36;1mdocker compose build --no-cache[0m
deploy	Deploy to VPS	2026-01-22T05:21:18.1412652Z [36;1mdocker compose up -d[0m
deploy	Deploy to VPS	2026-01-22T05:21:18.1413010Z [36;1m[0m
deploy	Deploy to VPS	2026-01-22T05:21:18.1413384Z [36;1m# Run database migrations (if using PostgreSQL)[0m
deploy	Deploy to VPS	2026-01-22T05:21:18.1413871Z [36;1mecho "üìä Running migrations..."[0m
deploy	Deploy to VPS	2026-01-22T05:21:18.1414567Z [36;1mdocker compose exec -T fwb-backend npx prisma migrate deploy || echo "Migrations skipped (may be first run)"[0m
deploy	Deploy to VPS	2026-01-22T05:21:18.1415238Z [36;1m[0m
deploy	Deploy to VPS	2026-01-22T05:21:18.1415564Z [36;1m# Seed database if empty[0m
deploy	Deploy to VPS	2026-01-22T05:21:18.1416113Z [36;1mdocker compose exec -T fwb-backend npx prisma db seed || echo "Seed skipped"[0m
deploy	Deploy to VPS	2026-01-22T05:21:18.1416669Z [36;1m[0m
deploy	Deploy to VPS	2026-01-22T05:21:18.1416989Z [36;1m# Show status[0m
deploy	Deploy to VPS	2026-01-22T05:21:18.1417388Z [36;1mecho "‚úÖ Deployment complete!"[0m
deploy	Deploy to VPS	2026-01-22T05:21:18.1417811Z [36;1mdocker compose ps[0m
deploy	Deploy to VPS	2026-01-22T05:21:18.1418355Z [36;1mEOF[0m
deploy	Deploy to VPS	2026-01-22T05:21:18.1418671Z [36;1m[0m
deploy	Deploy to VPS	2026-01-22T05:21:18.1419029Z [36;1mchmod +x deploy.sh[0m
deploy	Deploy to VPS	2026-01-22T05:21:18.1419621Z [36;1m[0m
deploy	Deploy to VPS	2026-01-22T05:21:18.1420031Z [36;1m# Copy and execute deployment script[0m
deploy	Deploy to VPS	2026-01-22T05:21:18.1420537Z [36;1mscp deploy.sh ${VPS_USER}@${VPS_HOST}:/tmp/deploy.sh[0m
deploy	Deploy to VPS	2026-01-22T05:21:18.1421227Z [36;1mssh ${VPS_USER}@${VPS_HOST} "chmod +x /tmp/deploy.sh && DEPLOY_PATH=$DEPLOY_PATH /tmp/deploy.sh"[0m
deploy	Deploy to VPS	2026-01-22T05:21:18.1454165Z shell: /usr/bin/bash -e {0}
deploy	Deploy to VPS	2026-01-22T05:21:18.1454554Z env:
deploy	Deploy to VPS	2026-01-22T05:21:18.1454912Z   SSH_AUTH_SOCK: /tmp/ssh-1Zh524ytlk1n/agent.2008
deploy	Deploy to VPS	2026-01-22T05:21:18.1455358Z   SSH_AGENT_PID: 2009
deploy	Deploy to VPS	2026-01-22T05:21:18.1455780Z   VPS_HOST: ***
deploy	Deploy to VPS	2026-01-22T05:21:18.1456108Z   VPS_USER: ***
deploy	Deploy to VPS	2026-01-22T05:21:18.1456472Z   DEPLOY_PATH: /***/flat-without-brokerage
deploy	Deploy to VPS	2026-01-22T05:21:18.1456894Z ##[endgroup]
deploy	Deploy to VPS	2026-01-22T05:21:29.2490817Z üöÄ Deploying FlatWithoutBrokerage...
deploy	Deploy to VPS	2026-01-22T05:21:29.2492215Z üì• Pulling latest code...
deploy	Deploy to VPS	2026-01-22T05:21:31.1433327Z git@github.com: Permission denied (publickey).
deploy	Deploy to VPS	2026-01-22T05:21:31.1449867Z fatal: Could not read from remote repository.
deploy	Deploy to VPS	2026-01-22T05:21:31.1450636Z 
deploy	Deploy to VPS	2026-01-22T05:21:31.1451055Z Please make sure you have the correct access rights
deploy	Deploy to VPS	2026-01-22T05:21:31.1452051Z and the repository exists.
deploy	Deploy to VPS	2026-01-22T05:21:31.1538108Z ##[error]Process completed with exit code 1.
deploy	Post Set up SSH	Ôªø2026-01-22T05:21:31.1619184Z Post job cleanup.
deploy	Post Set up SSH	2026-01-22T05:21:31.1963490Z Stopping SSH agent
deploy	Post Set up SSH	2026-01-22T05:21:31.1971514Z The "file" argument must be of type string. Received undefined
deploy	Post Set up SSH	2026-01-22T05:21:31.1974546Z Error stopping the SSH agent, proceeding anyway
deploy	Post Checkout code	Ôªø2026-01-22T05:21:31.2102064Z Post job cleanup.
deploy	Post Checkout code	2026-01-22T05:21:31.3058514Z [command]/usr/bin/git version
deploy	Post Checkout code	2026-01-22T05:21:31.3102867Z git version 2.52.0
deploy	Post Checkout code	2026-01-22T05:21:31.3150876Z Temporarily overriding HOME='/home/runner/work/_temp/9c863f08-2664-4399-a773-877ac41b283b' before making global git config changes
deploy	Post Checkout code	2026-01-22T05:21:31.3153832Z Adding repository directory to the temporary git global config as a safe directory
deploy	Post Checkout code	2026-01-22T05:21:31.3158923Z [command]/usr/bin/git config --global --add safe.directory /home/runner/work/Flat-without-brokerage/Flat-without-brokerage
deploy	Post Checkout code	2026-01-22T05:21:31.3201327Z [command]/usr/bin/git config --local --name-only --get-regexp core\.sshCommand
deploy	Post Checkout code	2026-01-22T05:21:31.3236274Z [command]/usr/bin/git submodule foreach --recursive sh -c "git config --local --name-only --get-regexp 'core\.sshCommand' && git config --local --unset-all 'core.sshCommand' || :"
deploy	Post Checkout code	2026-01-22T05:21:31.3478447Z [command]/usr/bin/git config --local --name-only --get-regexp http\.https\:\/\/github\.com\/\.extraheader
deploy	Post Checkout code	2026-01-22T05:21:31.3501828Z http.https://github.com/.extraheader
deploy	Post Checkout code	2026-01-22T05:21:31.3517830Z [command]/usr/bin/git config --local --unset-all http.https://github.com/.extraheader
deploy	Post Checkout code	2026-01-22T05:21:31.3562040Z [command]/usr/bin/git submodule foreach --recursive sh -c "git config --local --name-only --get-regexp 'http\.https\:\/\/github\.com\/\.extraheader' && git config --local --unset-all 'http.https://github.com/.extraheader' || :"
deploy	Post Checkout code	2026-01-22T05:21:31.3931248Z [command]/usr/bin/git config --local --name-only --get-regexp ^includeIf\.gitdir:
deploy	Post Checkout code	2026-01-22T05:21:31.3996154Z [command]/usr/bin/git submodule foreach --recursive git config --local --show-origin --name-only --get-regexp remote.origin.url
deploy	Complete job	Ôªø2026-01-22T05:21:31.4527865Z Cleaning up orphan processes
